// Jest Snapshot v1, https://goo.gl/fbAQLP

exports[`debe mostrar el componente correctamente mostrar  1`] = `
<div
  className="card animate__animated animate__bounce animate__delay-2s"
>
  <img
    alt="Un titulo"
    key="1"
    src="https://localhost/algo.jpg"
  />
  <p>
    Un titulo
  </p>
</div>
`;
